---
source: src/alloc_yes/auth_results.rs
expression: "&status"
---
MessageAuthStatus {
    auth_results: [
        AuthenticationResults {
            host: Some(
                HostVersion {
                    host: "mail.protonmail.ch",
                    version: None,
                },
            ),
            smtp_auth_result: [],
            spf_result: [],
            dkim_result: [
                DkimResult {
                    code: Pass,
                    reason: None,
                    header_d: Some(
                        "arewe.at",
                    ),
                    header_i: None,
                    header_b: None,
                    header_a: Some(
                        Rsa_Sha256,
                    ),
                    header_s: None,
                    raw: Some(
                        "dkim=pass (Good 2048 bit\r\n    rsa-sha256 signature) header.d=arewe.at header.a=rsa-sha256",
                    ),
                },
                DkimResult {
                    code: Pass,
                    reason: None,
                    header_d: Some(
                        "arewe.at",
                    ),
                    header_i: None,
                    header_b: None,
                    header_a: Some(
                        Ed25519_Sha256,
                    ),
                    header_s: None,
                    raw: Some(
                        "dkim=pass\r\n    (Good ed25519-sha256 signature) header.d=arewe.at\r\n    header.a=ed25519-sha256",
                    ),
                },
            ],
            iprev_result: [],
            unknown_result: [],
            none_done: false,
            raw: Some(
                "mail.protonmail.ch; dkim=pass (Good 2048 bit\r\n    rsa-sha256 signature) header.d=arewe.at header.a=rsa-sha256; dkim=pass\r\n    (Good ed25519-sha256 signature) header.d=arewe.at\r\n    header.a=ed25519-sha256",
            ),
            errors: [],
        },
        AuthenticationResults {
            host: Some(
                HostVersion {
                    host: "mail.protonmail.ch",
                    version: None,
                },
            ),
            smtp_auth_result: [],
            spf_result: [],
            dkim_result: [],
            iprev_result: [],
            unknown_result: [
                UnknownResult {
                    raw: "dmarc=pass (p=reject dis=none)\r\n header.from=arewe.at",
                },
            ],
            none_done: false,
            raw: Some(
                "mail.protonmail.ch; dmarc=pass (p=reject dis=none)\r\n header.from=arewe.at",
            ),
            errors: [],
        },
        AuthenticationResults {
            host: Some(
                HostVersion {
                    host: "mail.protonmail.ch",
                    version: None,
                },
            ),
            smtp_auth_result: [],
            spf_result: [
                SpfResult {
                    code: Pass,
                    reason: None,
                    smtp_mailfrom: Some(
                        "arewe.at",
                    ),
                    smtp_helo: None,
                    raw: Some(
                        "spf=pass smtp.mailfrom=arewe.at",
                    ),
                },
            ],
            dkim_result: [],
            iprev_result: [],
            unknown_result: [],
            none_done: false,
            raw: Some(
                "mail.protonmail.ch; spf=pass smtp.mailfrom=arewe.at",
            ),
            errors: [],
        },
        AuthenticationResults {
            host: Some(
                HostVersion {
                    host: "mail.protonmail.ch",
                    version: None,
                },
            ),
            smtp_auth_result: [],
            spf_result: [],
            dkim_result: [],
            iprev_result: [],
            unknown_result: [
                UnknownResult {
                    raw: "arc=none smtp.remote-ip=136.243.83.41",
                },
            ],
            none_done: false,
            raw: Some(
                "mail.protonmail.ch; arc=none smtp.remote-ip=136.243.83.41",
            ),
            errors: [],
        },
        AuthenticationResults {
            host: Some(
                HostVersion {
                    host: "mail.protonmail.ch",
                    version: None,
                },
            ),
            smtp_auth_result: [],
            spf_result: [],
            dkim_result: [
                DkimResult {
                    code: Pass,
                    reason: None,
                    header_d: Some(
                        "arewe.at",
                    ),
                    header_i: Some(
                        "@arewe.at",
                    ),
                    header_b: Some(
                        "\"Dq3hIIXB\"",
                    ),
                    header_a: None,
                    header_s: None,
                    raw: Some(
                        "dkim=pass (2048-bit key) header.d=arewe.at\r\n header.i=@arewe.at header.b=\"Dq3hIIXB\"",
                    ),
                },
                DkimResult {
                    code: PermError,
                    reason: None,
                    header_d: Some(
                        "arewe.at",
                    ),
                    header_i: Some(
                        "@arewe.at",
                    ),
                    header_b: Some(
                        "\"l7vXbjP4\"",
                    ),
                    header_a: None,
                    header_s: None,
                    raw: Some(
                        "dkim=permerror (0-bit key) header.d=arewe.at\r\n header.i=@arewe.at header.b=\"l7vXbjP4\"",
                    ),
                },
            ],
            iprev_result: [],
            unknown_result: [],
            none_done: false,
            raw: Some(
                "mail.protonmail.ch; dkim=pass (2048-bit key) header.d=arewe.at\r\n header.i=@arewe.at header.b=\"Dq3hIIXB\"; dkim=permerror (0-bit key) header.d=arewe.at\r\n header.i=@arewe.at header.b=\"l7vXbjP4\"",
            ),
            errors: [],
        },
    ],
}
