---
source: src/lib.rs
expression: "&status"
---
MessageAuthStatus {
    auth_results: [],
}
