---
source: src/alloc_yes/auth_results.rs
expression: "&status"
---
MessageAuthStatus {
    auth_results: [
        AuthenticationResults {
            host: Some(
                HostVersion {
                    host: "example.com",
                    version: None,
                },
            ),
            smtp_auth_result: [],
            spf_result: [
                SpfResult {
                    code: Pass,
                    reason: None,
                    smtp_mailfrom: Some(
                        "example.net",
                    ),
                    smtp_helo: None,
                    raw: Some(
                        "spf=pass smtp.mailfrom=example.net",
                    ),
                },
            ],
            dkim_result: [],
            iprev_result: [],
            none_done: false,
            raw: Some(
                "example.com;\n          spf=pass smtp.mailfrom=example.net",
            ),
            error: None,
        },
    ],
}
