---
source: src/alloc_yes/auth_results.rs
expression: "&status"
---
MessageAuthStatus {
    auth_results: [],
}
