---
source: src/lib.rs
expression: "&status"
---
Ok(
    MessageAuthStatus {
        results: [],
    },
)
