---
source: src/alloc_yes/auth_results.rs
expression: "&status"
---
MessageAuthStatus {
    auth_results: [
        AuthenticationResults {
            host: Some(
                HostVersion {
                    host: "example.org",
                    version: Some(
                        1,
                    ),
                },
            ),
            smtp_auth_result: [],
            spf_result: [],
            dkim_result: [],
            iprev_result: [],
            none_done: true,
            raw: Some(
                "example.org 1; none",
            ),
            error: None,
        },
    ],
}
